// Jest Snapshot v1, https://goo.gl/fbAQLP

exports[`Should render EditExpensePage 1`] = `
<div
  className="edit-expense-page"
>
  <ExpenseForm
    expense={
      Object {
        "amount": 2555,
        "createdAt": 0,
        "description": "Ice cream",
        "id": "1",
        "note": "",
      }
    }
    onSubmit={[Function]}
  />
  <div
    className="remove-btn-wrapper"
  >
    <button
      className="remove-expense-btn"
      onClick={[Function]}
    >
      Remove
    </button>
  </div>
</div>
`;
