// Jest Snapshot v1, https://goo.gl/fbAQLP

exports[`Should ExpenseDashBoardPage render corectly 1`] = `
<div
  className="expense-dashboard"
>
  <article
    className="expense-dashboard__content"
  >
    <Connect(ExpenseListFilters) />
    <AddExpenseLink />
    <Connect(ExpenseList) />
  </article>
</div>
`;
