// Jest Snapshot v1, https://goo.gl/fbAQLP

exports[`Should render Header correctly 1`] = `
<header
  className="header"
>
  <section
    className="header__content"
  >
    <h1
      className="header__title"
    >
      <NavLink
        className="header__title"
        exact={true}
        to="/"
      >
        budgedo
      </NavLink>
    </h1>
    <Connect(ExpensesSummary) />
  </section>
</header>
`;
